Archive member included to satisfy reference by file (symbol)

c:/st/stm32cubeide_1.3.0/stm32cubeide/plugins/com.st.stm32cube.ide.mcu.externaltools.gnu-tools-for-stm32.7-2018-q2-update.win32_1.4.0.202007081208/tools/bin/../lib/gcc/arm-none-eabi/7.3.1/../../../../arm-none-eabi/lib/thumb/v7e-m/fpv4-sp/hard\libc_nano.a(lib_a-errno.o)
                              Core/Src/syscalls.o (__errno)
c:/st/stm32cubeide_1.3.0/stm32cubeide/plugins/com.st.stm32cube.ide.mcu.externaltools.gnu-tools-for-stm32.7-2018-q2-update.win32_1.4.0.202007081208/tools/bin/../lib/gcc/arm-none-eabi/7.3.1/../../../../arm-none-eabi/lib/thumb/v7e-m/fpv4-sp/hard\libc_nano.a(lib_a-exit.o)
                              c:/st/stm32cubeide_1.3.0/stm32cubeide/plugins/com.st.stm32cube.ide.mcu.externaltools.gnu-tools-for-stm32.7-2018-q2-update.win32_1.4.0.202007081208/tools/bin/../lib/gcc/arm-none-eabi/7.3.1/../../../../arm-none-eabi/lib/thumb/v7e-m/fpv4-sp/hard/crt0.o (exit)
c:/st/stm32cubeide_1.3.0/stm32cubeide/plugins/com.st.stm32cube.ide.mcu.externaltools.gnu-tools-for-stm32.7-2018-q2-update.win32_1.4.0.202007081208/tools/bin/../lib/gcc/arm-none-eabi/7.3.1/../../../../arm-none-eabi/lib/thumb/v7e-m/fpv4-sp/hard\libc_nano.a(lib_a-impure.o)
                              c:/st/stm32cubeide_1.3.0/stm32cubeide/plugins/com.st.stm32cube.ide.mcu.externaltools.gnu-tools-for-stm32.7-2018-q2-update.win32_1.4.0.202007081208/tools/bin/../lib/gcc/arm-none-eabi/7.3.1/../../../../arm-none-eabi/lib/thumb/v7e-m/fpv4-sp/hard\libc_nano.a(lib_a-exit.o) (_global_impure_ptr)
c:/st/stm32cubeide_1.3.0/stm32cubeide/plugins/com.st.stm32cube.ide.mcu.externaltools.gnu-tools-for-stm32.7-2018-q2-update.win32_1.4.0.202007081208/tools/bin/../lib/gcc/arm-none-eabi/7.3.1/../../../../arm-none-eabi/lib/thumb/v7e-m/fpv4-sp/hard\libc_nano.a(lib_a-init.o)
                              c:/st/stm32cubeide_1.3.0/stm32cubeide/plugins/com.st.stm32cube.ide.mcu.externaltools.gnu-tools-for-stm32.7-2018-q2-update.win32_1.4.0.202007081208/tools/bin/../lib/gcc/arm-none-eabi/7.3.1/../../../../arm-none-eabi/lib/thumb/v7e-m/fpv4-sp/hard/crt0.o (__libc_init_array)
c:/st/stm32cubeide_1.3.0/stm32cubeide/plugins/com.st.stm32cube.ide.mcu.externaltools.gnu-tools-for-stm32.7-2018-q2-update.win32_1.4.0.202007081208/tools/bin/../lib/gcc/arm-none-eabi/7.3.1/../../../../arm-none-eabi/lib/thumb/v7e-m/fpv4-sp/hard\libc_nano.a(lib_a-memset.o)
                              c:/st/stm32cubeide_1.3.0/stm32cubeide/plugins/com.st.stm32cube.ide.mcu.externaltools.gnu-tools-for-stm32.7-2018-q2-update.win32_1.4.0.202007081208/tools/bin/../lib/gcc/arm-none-eabi/7.3.1/../../../../arm-none-eabi/lib/thumb/v7e-m/fpv4-sp/hard/crt0.o (memset)

Allocating common symbols
Common symbol       size              file

uwTick              0x4               Drivers/STM32F3xx_HAL_Driver/Src/stm32f3xx_hal.o
pFlash              0x20              Drivers/STM32F3xx_HAL_Driver/Src/stm32f3xx_hal_flash.o
htim3               0x40              Core/Src/main.o
poc                 0x4               Core/Src/main.o

Discarded input sections

 .text          0x0000000000000000        0x0 c:/st/stm32cubeide_1.3.0/stm32cubeide/plugins/com.st.stm32cube.ide.mcu.externaltools.gnu-tools-for-stm32.7-2018-q2-update.win32_1.4.0.202007081208/tools/bin/../lib/gcc/arm-none-eabi/7.3.1/thumb/v7e-m/fpv4-sp/hard/crti.o
 .data          0x0000000000000000        0x0 c:/st/stm32cubeide_1.3.0/stm32cubeide/plugins/com.st.stm32cube.ide.mcu.externaltools.gnu-tools-for-stm32.7-2018-q2-update.win32_1.4.0.202007081208/tools/bin/../lib/gcc/arm-none-eabi/7.3.1/thumb/v7e-m/fpv4-sp/hard/crti.o
 .bss           0x0000000000000000        0x0 c:/st/stm32cubeide_1.3.0/stm32cubeide/plugins/com.st.stm32cube.ide.mcu.externaltools.gnu-tools-for-stm32.7-2018-q2-update.win32_1.4.0.202007081208/tools/bin/../lib/gcc/arm-none-eabi/7.3.1/thumb/v7e-m/fpv4-sp/hard/crti.o
 .data          0x0000000000000000        0x4 c:/st/stm32cubeide_1.3.0/stm32cubeide/plugins/com.st.stm32cube.ide.mcu.externaltools.gnu-tools-for-stm32.7-2018-q2-update.win32_1.4.0.202007081208/tools/bin/../lib/gcc/arm-none-eabi/7.3.1/thumb/v7e-m/fpv4-sp/hard/crtbegin.o
 .text          0x0000000000000000       0x74 c:/st/stm32cubeide_1.3.0/stm32cubeide/plugins/com.st.stm32cube.ide.mcu.externaltools.gnu-tools-for-stm32.7-2018-q2-update.win32_1.4.0.202007081208/tools/bin/../lib/gcc/arm-none-eabi/7.3.1/../../../../arm-none-eabi/lib/thumb/v7e-m/fpv4-sp/hard/crt0.o
 .data          0x0000000000000000        0x0 c:/st/stm32cubeide_1.3.0/stm32cubeide/plugins/com.st.stm32cube.ide.mcu.externaltools.gnu-tools-for-stm32.7-2018-q2-update.win32_1.4.0.202007081208/tools/bin/../lib/gcc/arm-none-eabi/7.3.1/../../../../arm-none-eabi/lib/thumb/v7e-m/fpv4-sp/hard/crt0.o
[...]
Memory Configuration

Name             Origin             Length             Attributes
CCMRAM           0x0000000010000000 0x0000000000001000 xrw
RAM              0x0000000020000000 0x0000000000003000 xrw
FLASH            0x0000000008000000 0x0000000000010000 xr
*default*        0x0000000000000000 0xffffffffffffffff

Linker script and memory map

LOAD c:/st/stm32cubeide_1.3.0/stm32cubeide/plugins/com.st.stm32cube.ide.mcu.externaltools.gnu-tools-for-stm32.7-2018-q2-update.win32_1.4.0.202007081208/tools/bin/../lib/gcc/arm-none-eabi/7.3.1/thumb/v7e-m/fpv4-sp/hard/crti.o
LOAD c:/st/stm32cubeide_1.3.0/stm32cubeide/plugins/com.st.stm32cube.ide.mcu.externaltools.gnu-tools-for-stm32.7-2018-q2-update.win32_1.4.0.202007081208/tools/bin/../lib/gcc/arm-none-eabi/7.3.1/thumb/v7e-m/fpv4-sp/hard/crtbegin.o
LOAD c:/st/stm32cubeide_1.3.0/stm32cubeide/plugins/com.st.stm32cube.ide.mcu.externaltools.gnu-tools-for-stm32.7-2018-q2-update.win32_1.4.0.202007081208/tools/bin/../lib/gcc/arm-none-eabi/7.3.1/../../../../arm-none-eabi/lib/thumb/v7e-m/fpv4-sp/hard/crt0.o
LOAD Core/Src/main.o
LOAD Core/Src/stm32f3xx_hal_msp.o
LOAD Core/Src/stm32f3xx_it.o
LOAD Core/Src/syscalls.o
LOAD Core/Src/sysmem.o
LOAD Core/Src/system_stm32f3xx.o
LOAD Core/Startup/startup_stm32f303k8tx.o
LOAD Drivers/STM32F3xx_HAL_Driver/Src/stm32f3xx_hal.o
LOAD Drivers/STM32F3xx_HAL_Driver/Src/stm32f3xx_hal_cortex.o
LOAD Drivers/STM32F3xx_HAL_Driver/Src/stm32f3xx_hal_dma.o
LOAD Drivers/STM32F3xx_HAL_Driver/Src/stm32f3xx_hal_exti.o
LOAD Drivers/STM32F3xx_HAL_Driver/Src/stm32f3xx_hal_flash.o
LOAD Drivers/STM32F3xx_HAL_Driver/Src/stm32f3xx_hal_flash_ex.o
LOAD Drivers/STM32F3xx_HAL_Driver/Src/stm32f3xx_hal_gpio.o
LOAD Drivers/STM32F3xx_HAL_Driver/Src/stm32f3xx_hal_i2c.o
LOAD Drivers/STM32F3xx_HAL_Driver/Src/stm32f3xx_hal_i2c_ex.o
LOAD Drivers/STM32F3xx_HAL_Driver/Src/stm32f3xx_hal_pwr.o
LOAD Drivers/STM32F3xx_HAL_Driver/Src/stm32f3xx_hal_pwr_ex.o
LOAD Drivers/STM32F3xx_HAL_Driver/Src/stm32f3xx_hal_rcc.o
LOAD Drivers/STM32F3xx_HAL_Driver/Src/stm32f3xx_hal_rcc_ex.o
LOAD Drivers/STM32F3xx_HAL_Driver/Src/stm32f3xx_hal_tim.o
LOAD Drivers/STM32F3xx_HAL_Driver/Src/stm32f3xx_hal_tim_ex.o
LOAD Drivers/STM32F3xx_HAL_Driver/Src/stm32f3xx_ll_dma.o
LOAD Drivers/STM32F3xx_HAL_Driver/Src/stm32f3xx_ll_exti.o
LOAD Drivers/STM32F3xx_HAL_Driver/Src/stm32f3xx_ll_gpio.o
LOAD Drivers/STM32F3xx_HAL_Driver/Src/stm32f3xx_ll_rcc.o
LOAD Drivers/STM32F3xx_HAL_Driver/Src/stm32f3xx_ll_tim.o
LOAD Drivers/STM32F3xx_HAL_Driver/Src/stm32f3xx_ll_utils.o
START GROUP
LOAD c:/st/stm32cubeide_1.3.0/stm32cubeide/plugins/com.st.stm32cube.ide.mcu.externaltools.gnu-tools-for-stm32.7-2018-q2-update.win32_1.4.0.202007081208/tools/bin/../lib/gcc/arm-none-eabi/7.3.1/../../../../arm-none-eabi/lib/thumb/v7e-m/fpv4-sp/hard\libc_nano.a
LOAD c:/st/stm32cubeide_1.3.0/stm32cubeide/plugins/com.st.stm32cube.ide.mcu.externaltools.gnu-tools-for-stm32.7-2018-q2-update.win32_1.4.0.202007081208/tools/bin/../lib/gcc/arm-none-eabi/7.3.1/../../../../arm-none-eabi/lib/thumb/v7e-m/fpv4-sp/hard\libm.a
END GROUP
START GROUP
LOAD c:/st/stm32cubeide_1.3.0/stm32cubeide/plugins/com.st.stm32cube.ide.mcu.externaltools.gnu-tools-for-stm32.7-2018-q2-update.win32_1.4.0.202007081208/tools/bin/../lib/gcc/arm-none-eabi/7.3.1/thumb/v7e-m/fpv4-sp/hard\libgcc.a
LOAD c:/st/stm32cubeide_1.3.0/stm32cubeide/plugins/com.st.stm32cube.ide.mcu.externaltools.gnu-tools-for-stm32.7-2018-q2-update.win32_1.4.0.202007081208/tools/bin/../lib/gcc/arm-none-eabi/7.3.1/../../../../arm-none-eabi/lib/thumb/v7e-m/fpv4-sp/hard\libc_nano.a
END GROUP
START GROUP
LOAD c:/st/stm32cubeide_1.3.0/stm32cubeide/plugins/com.st.stm32cube.ide.mcu.externaltools.gnu-tools-for-stm32.7-2018-q2-update.win32_1.4.0.202007081208/tools/bin/../lib/gcc/arm-none-eabi/7.3.1/thumb/v7e-m/fpv4-sp/hard\libgcc.a
LOAD c:/st/stm32cubeide_1.3.0/stm32cubeide/plugins/com.st.stm32cube.ide.mcu.externaltools.gnu-tools-for-stm32.7-2018-q2-update.win32_1.4.0.202007081208/tools/bin/../lib/gcc/arm-none-eabi/7.3.1/../../../../arm-none-eabi/lib/thumb/v7e-m/fpv4-sp/hard\libc_nano.a
LOAD c:/st/stm32cubeide_1.3.0/stm32cubeide/plugins/com.st.stm32cube.ide.mcu.externaltools.gnu-tools-for-stm32.7-2018-q2-update.win32_1.4.0.202007081208/tools/bin/../lib/gcc/arm-none-eabi/7.3.1/../../../../arm-none-eabi/lib/thumb/v7e-m/fpv4-sp/hard\libnosys.a
END GROUP
START GROUP
LOAD c:/st/stm32cubeide_1.3.0/stm32cubeide/plugins/com.st.stm32cube.ide.mcu.externaltools.gnu-tools-for-stm32.7-2018-q2-update.win32_1.4.0.202007081208/tools/bin/../lib/gcc/arm-none-eabi/7.3.1/thumb/v7e-m/fpv4-sp/hard\libgcc.a
LOAD c:/st/stm32cubeide_1.3.0/stm32cubeide/plugins/com.st.stm32cube.ide.mcu.externaltools.gnu-tools-for-stm32.7-2018-q2-update.win32_1.4.0.202007081208/tools/bin/../lib/gcc/arm-none-eabi/7.3.1/../../../../arm-none-eabi/lib/thumb/v7e-m/fpv4-sp/hard\libc_nano.a
LOAD c:/st/stm32cubeide_1.3.0/stm32cubeide/plugins/com.st.stm32cube.ide.mcu.externaltools.gnu-tools-for-stm32.7-2018-q2-update.win32_1.4.0.202007081208/tools/bin/../lib/gcc/arm-none-eabi/7.3.1/../../../../arm-none-eabi/lib/thumb/v7e-m/fpv4-sp/hard\libnosys.a
END GROUP
LOAD c:/st/stm32cubeide_1.3.0/stm32cubeide/plugins/com.st.stm32cube.ide.mcu.externaltools.gnu-tools-for-stm32.7-2018-q2-update.win32_1.4.0.202007081208/tools/bin/../lib/gcc/arm-none-eabi/7.3.1/thumb/v7e-m/fpv4-sp/hard/crtend.o
LOAD c:/st/stm32cubeide_1.3.0/stm32cubeide/plugins/com.st.stm32cube.ide.mcu.externaltools.gnu-tools-for-stm32.7-2018-q2-update.win32_1.4.0.202007081208/tools/bin/../lib/gcc/arm-none-eabi/7.3.1/thumb/v7e-m/fpv4-sp/hard/crtn.o
                0x0000000020003000                _estack = (ORIGIN (RAM) + LENGTH (RAM))
                0x0000000000000200                _Min_Heap_Size = 0x200
                0x0000000000000400                _Min_Stack_Size = 0x400

.isr_vector     0x0000000008000000      0x188
                0x0000000008000000                . = ALIGN (0x4)
 *(.isr_vector)
 .isr_vector    0x0000000008000000      0x188 Core/Startup/startup_stm32f303k8tx.o
                0x0000000008000000                g_pfnVectors
                0x0000000008000188                . = ALIGN (0x4)

.text           0x0000000008000188     0x2328
                0x0000000008000188                . = ALIGN (0x4)
 *(.text)
 .text          0x0000000008000188       0x40 c:/st/stm32cubeide_1.3.0/stm32cubeide/plugins/com.st.stm32cube.ide.mcu.externaltools.gnu-tools-for-stm32.7-2018-q2-update.win32_1.4.0.202007081208/tools/bin/../lib/gcc/arm-none-eabi/7.3.1/thumb/v7e-m/fpv4-sp/hard/crtbegin.o
 *(.text*)
 .text.LL_RCC_HSI_Enable
                0x00000000080001c8       0x20 Core/Src/main.o
 .text.LL_RCC_HSI_IsReady
                0x00000000080001e8       0x24 Core/Src/main.o
 .text.LL_RCC_HSI_SetCalibTrimming
                0x000000000800020c       0x2c Core/Src/main.o
 .text.LL_RCC_SetSysClkSource
                0x0000000008000238       0x28 Core/Src/main.o
 .text.LL_RCC_GetSysClkSource
                0x0000000008000260       0x1c Core/Src/main.o
 .text.LL_RCC_SetAHBPrescaler
                0x000000000800027c       0x28 Core/Src/main.o
 .text.LL_RCC_SetAPB1Prescaler
                0x00000000080002a4       0x28 Core/Src/main.o
 .text.LL_RCC_SetAPB2Prescaler
                0x00000000080002cc       0x28 Core/Src/main.o
 .text.LL_AHB1_GRP1_EnableClock
                0x00000000080002f4       0x30 Core/Src/main.o
 .text.LL_APB1_GRP1_EnableClock
                0x0000000008000324       0x30 Core/Src/main.o
 .text.LL_FLASH_SetLatency
                0x0000000008000354       0x28 Core/Src/main.o
 .text.LL_FLASH_GetLatency
                0x000000000800037c       0x1c Core/Src/main.o
 .text.LL_TIM_EnableCounter
                0x0000000008000398       0x20 Core/Src/main.o
 .text.LL_TIM_DisableARRPreload
                0x00000000080003b8       0x20 Core/Src/main.o
 .text.LL_TIM_CC_EnableChannel
                0x00000000080003d8       0x22 Core/Src/main.o
 *fill*         0x00000000080003fa        0x2 
 .text.LL_TIM_OC_DisableFast
                0x00000000080003fc       0x9c Core/Src/main.o
 .text.LL_TIM_OC_EnablePreload
                0x0000000008000498       0x9c Core/Src/main.o
 .text.LL_TIM_OC_SetCompareCH1
                0x0000000008000534       0x1c Core/Src/main.o
 .text.LL_TIM_SetClockSource
                0x0000000008000550       0x2a Core/Src/main.o
 .text.LL_TIM_SetTriggerOutput
                0x000000000800057a       0x26 Core/Src/main.o
 .text.LL_TIM_DisableMasterSlaveMode
                0x00000000080005a0       0x20 Core/Src/main.o
 .text.LL_TIM_EnableIT_UPDATE
                0x00000000080005c0       0x20 Core/Src/main.o
 .text.LL_GPIO_ResetOutputPin
                0x00000000080005e0       0x1c Core/Src/main.o
 .text.main     0x00000000080005fc       0x50 Core/Src/main.o
                0x00000000080005fc                main
 .text.setDutyCycle
                0x000000000800064c       0x1e Core/Src/main.o
                0x000000000800064c                setDutyCycle
 *fill*         0x000000000800066a        0x2 
 .text.SystemClock_Config
                0x000000000800066c       0x70 Core/Src/main.o
                0x000000000800066c                SystemClock_Config
 .text.MX_TIM2_Init
                0x00000000080006dc       0xea Core/Src/main.o
 *fill*         0x00000000080007c6        0x2 
 .text.MX_TIM3_Init
                0x00000000080007c8       0xe8 Core/Src/main.o
 .text.MX_GPIO_Init
                0x00000000080008b0       0x58 Core/Src/main.o
 .text.Error_Handler
                0x0000000008000908        0xe Core/Src/main.o
                0x0000000008000908                Error_Handler
 *fill*         0x0000000008000916        0x2 
 .text.HAL_MspInit
                0x0000000008000918       0x48 Core/Src/stm32f3xx_hal_msp.o
                0x0000000008000918                HAL_MspInit
 .text.HAL_TIM_Base_MspInit
                0x0000000008000960       0x4c Core/Src/stm32f3xx_hal_msp.o
                0x0000000008000960                HAL_TIM_Base_MspInit
 .text.LL_TIM_ClearFlag_UPDATE
                0x00000000080009ac       0x1c Core/Src/stm32f3xx_it.o
 .text.LL_TIM_IsActiveFlag_UPDATE
                0x00000000080009c8       0x26 Core/Src/stm32f3xx_it.o
 .text.NMI_Handler
                0x00000000080009ee        0xe Core/Src/stm32f3xx_it.o
                0x00000000080009ee                NMI_Handler
 .text.HardFault_Handler
                0x00000000080009fc        0x6 Core/Src/stm32f3xx_it.o
                0x00000000080009fc                HardFault_Handler
 .text.MemManage_Handler
                0x0000000008000a02        0x6 Core/Src/stm32f3xx_it.o
                0x0000000008000a02                MemManage_Handler
 .text.BusFault_Handler
                0x0000000008000a08        0x6 Core/Src/stm32f3xx_it.o
                0x0000000008000a08                BusFault_Handler
 .text.UsageFault_Handler
                0x0000000008000a0e        0x6 Core/Src/stm32f3xx_it.o
                0x0000000008000a0e                UsageFault_Handler
 .text.SVC_Handler
                0x0000000008000a14        0xe Core/Src/stm32f3xx_it.o
                0x0000000008000a14                SVC_Handler
 .text.DebugMon_Handler
                0x0000000008000a22        0xe Core/Src/stm32f3xx_it.o
                0x0000000008000a22                DebugMon_Handler
 .text.PendSV_Handler
                0x0000000008000a30        0xe Core/Src/stm32f3xx_it.o
                0x0000000008000a30                PendSV_Handler
 .text.SysTick_Handler
                0x0000000008000a3e        0xc Core/Src/stm32f3xx_it.o
                0x0000000008000a3e                SysTick_Handler
 *fill*         0x0000000008000a4a        0x2 
 .text.TIM3_IRQHandler
                0x0000000008000a4c       0x44 Core/Src/stm32f3xx_it.o
                0x0000000008000a4c                TIM3_IRQHandler
 .text.SystemInit
                0x0000000008000a90       0x2c Core/Src/system_stm32f3xx.o
                0x0000000008000a90                SystemInit
 .text.Reset_Handler
                0x0000000008000abc       0x50 Core/Startup/startup_stm32f303k8tx.o
                0x0000000008000abc                Reset_Handler
 .text.Default_Handler
                0x0000000008000b0c        0x2 Core/Startup/startup_stm32f303k8tx.o
                0x0000000008000b0c                RTC_Alarm_IRQHandler
                0x0000000008000b0c                TIM1_CC_IRQHandler
                0x0000000008000b0c                PVD_IRQHandler
                0x0000000008000b0c                TAMP_STAMP_IRQHandler
                0x0000000008000b0c                EXTI3_IRQHandler
                0x0000000008000b0c                EXTI0_IRQHandler
                0x0000000008000b0c                FPU_IRQHandler
                0x0000000008000b0c                CAN_TX_IRQHandler
                0x0000000008000b0c                TIM1_UP_TIM16_IRQHandler
                0x0000000008000b0c                ADC1_2_IRQHandler
                0x0000000008000b0c                SPI1_IRQHandler
                0x0000000008000b0c                CAN_SCE_IRQHandler
                0x0000000008000b0c                DMA1_Channel4_IRQHandler
                0x0000000008000b0c                USART3_IRQHandler
                0x0000000008000b0c                DMA1_Channel7_IRQHandler
                0x0000000008000b0c                TIM7_DAC2_IRQHandler
                0x0000000008000b0c                CAN_RX1_IRQHandler
                0x0000000008000b0c                I2C1_EV_IRQHandler
                0x0000000008000b0c                DMA1_Channel6_IRQHandler
                0x0000000008000b0c                RCC_IRQHandler
                0x0000000008000b0c                DMA1_Channel1_IRQHandler
                0x0000000008000b0c                Default_Handler
                0x0000000008000b0c                EXTI15_10_IRQHandler
                0x0000000008000b0c                COMP2_IRQHandler
                0x0000000008000b0c                TIM6_DAC1_IRQHandler
                0x0000000008000b0c                EXTI9_5_IRQHandler
                0x0000000008000b0c                RTC_WKUP_IRQHandler
                0x0000000008000b0c                DMA1_Channel5_IRQHandler
                0x0000000008000b0c                EXTI4_IRQHandler
                0x0000000008000b0c                TIM1_TRG_COM_TIM17_IRQHandler
                0x0000000008000b0c                DMA1_Channel3_IRQHandler
                0x0000000008000b0c                WWDG_IRQHandler
                0x0000000008000b0c                TIM2_IRQHandler
                0x0000000008000b0c                EXTI1_IRQHandler
                0x0000000008000b0c                COMP4_6_IRQHandler
                0x0000000008000b0c                USART2_IRQHandler
                0x0000000008000b0c                DMA1_Channel2_IRQHandler
                0x0000000008000b0c                FLASH_IRQHandler
                0x0000000008000b0c                USART1_IRQHandler
                0x0000000008000b0c                CAN_RX0_IRQHandler
                0x0000000008000b0c                I2C1_ER_IRQHandler
                0x0000000008000b0c                EXTI2_TSC_IRQHandler
                0x0000000008000b0c                TIM1_BRK_TIM15_IRQHandler
 *fill*         0x0000000008000b0e        0x2 
 .text.HAL_Init
                0x0000000008000b10       0x2c Drivers/STM32F3xx_HAL_Driver/Src/stm32f3xx_hal.o
                0x0000000008000b10                HAL_Init
 .text.HAL_InitTick
                0x0000000008000b3c       0x60 Drivers/STM32F3xx_HAL_Driver/Src/stm32f3xx_hal.o
                0x0000000008000b3c                HAL_InitTick
 .text.HAL_IncTick
                0x0000000008000b9c       0x28 Drivers/STM32F3xx_HAL_Driver/Src/stm32f3xx_hal.o
                0x0000000008000b9c                HAL_IncTick
 .text.__NVIC_SetPriorityGrouping
                0x0000000008000bc4       0x48 Drivers/STM32F3xx_HAL_Driver/Src/stm32f3xx_hal_cortex.o
 .text.__NVIC_GetPriorityGrouping
                0x0000000008000c0c       0x1c Drivers/STM32F3xx_HAL_Driver/Src/stm32f3xx_hal_cortex.o
 .text.__NVIC_EnableIRQ
                0x0000000008000c28       0x3c Drivers/STM32F3xx_HAL_Driver/Src/stm32f3xx_hal_cortex.o
 .text.__NVIC_SetPriority
                0x0000000008000c64       0x54 Drivers/STM32F3xx_HAL_Driver/Src/stm32f3xx_hal_cortex.o
 .text.NVIC_EncodePriority
                0x0000000008000cb8       0x66 Drivers/STM32F3xx_HAL_Driver/Src/stm32f3xx_hal_cortex.o
 *fill*         0x0000000008000d1e        0x2 
 .text.SysTick_Config
                0x0000000008000d20       0x44 Drivers/STM32F3xx_HAL_Driver/Src/stm32f3xx_hal_cortex.o
 .text.HAL_NVIC_SetPriorityGrouping
                0x0000000008000d64       0x16 Drivers/STM32F3xx_HAL_Driver/Src/stm32f3xx_hal_cortex.o
                0x0000000008000d64                HAL_NVIC_SetPriorityGrouping
 .text.HAL_NVIC_SetPriority
                0x0000000008000d7a       0x38 Drivers/STM32F3xx_HAL_Driver/Src/stm32f3xx_hal_cortex.o
                0x0000000008000d7a                HAL_NVIC_SetPriority
 .text.HAL_NVIC_EnableIRQ
                0x0000000008000db2       0x1c Drivers/STM32F3xx_HAL_Driver/Src/stm32f3xx_hal_cortex.o
                0x0000000008000db2                HAL_NVIC_EnableIRQ
 .text.HAL_SYSTICK_Config
                0x0000000008000dce       0x18 Drivers/STM32F3xx_HAL_Driver/Src/stm32f3xx_hal_cortex.o
                0x0000000008000dce                HAL_SYSTICK_Config
 .text.HAL_TIM_Base_Init
                0x0000000008000de6       0x56 Drivers/STM32F3xx_HAL_Driver/Src/stm32f3xx_hal_tim.o
                0x0000000008000de6                HAL_TIM_Base_Init
 .text.HAL_TIM_OC_Init
                0x0000000008000e3c       0x56 Drivers/STM32F3xx_HAL_Driver/Src/stm32f3xx_hal_tim.o
                0x0000000008000e3c                HAL_TIM_OC_Init
 .text.HAL_TIM_OC_MspInit
                0x0000000008000e92       0x14 Drivers/STM32F3xx_HAL_Driver/Src/stm32f3xx_hal_tim.o
                0x0000000008000e92                HAL_TIM_OC_MspInit
 *fill*         0x0000000008000ea6        0x2 
 .text.HAL_TIM_OC_ConfigChannel
                0x0000000008000ea8       0xfc Drivers/STM32F3xx_HAL_Driver/Src/stm32f3xx_hal_tim.o
                0x0000000008000ea8                HAL_TIM_OC_ConfigChannel
 .text.HAL_TIM_ConfigClockSource
                0x0000000008000fa4      0x172 Drivers/STM32F3xx_HAL_Driver/Src/stm32f3xx_hal_tim.o
                0x0000000008000fa4                HAL_TIM_ConfigClockSource
 *fill*         0x0000000008001116        0x2 
 .text.TIM_Base_SetConfig
                0x0000000008001118       0xf0 Drivers/STM32F3xx_HAL_Driver/Src/stm32f3xx_hal_tim.o
                0x0000000008001118                TIM_Base_SetConfig
 .text.TIM_OC1_SetConfig
                0x0000000008001208      0x10c Drivers/STM32F3xx_HAL_Driver/Src/stm32f3xx_hal_tim.o
 .text.TIM_OC2_SetConfig
                0x0000000008001314      0x100 Drivers/STM32F3xx_HAL_Driver/Src/stm32f3xx_hal_tim.o
                0x0000000008001314                TIM_OC2_SetConfig
 .text.TIM_OC3_SetConfig
                0x0000000008001414       0xfc Drivers/STM32F3xx_HAL_Driver/Src/stm32f3xx_hal_tim.o
 .text.TIM_OC4_SetConfig
                0x0000000008001510       0xc8 Drivers/STM32F3xx_HAL_Driver/Src/stm32f3xx_hal_tim.o
 .text.TIM_OC5_SetConfig
                0x00000000080015d8       0xbc Drivers/STM32F3xx_HAL_Driver/Src/stm32f3xx_hal_tim.o
 .text.TIM_OC6_SetConfig
                0x0000000008001694       0xc0 Drivers/STM32F3xx_HAL_Driver/Src/stm32f3xx_hal_tim.o
 .text.TIM_TI1_ConfigInputStage
                0x0000000008001754       0x5e Drivers/STM32F3xx_HAL_Driver/Src/stm32f3xx_hal_tim.o
 .text.TIM_TI2_ConfigInputStage
                0x00000000080017b2       0x60 Drivers/STM32F3xx_HAL_Driver/Src/stm32f3xx_hal_tim.o
 .text.TIM_ITRx_SetConfig
                0x0000000008001812       0x36 Drivers/STM32F3xx_HAL_Driver/Src/stm32f3xx_hal_tim.o
 .text.TIM_ETR_SetConfig
                0x0000000008001848       0x40 Drivers/STM32F3xx_HAL_Driver/Src/stm32f3xx_hal_tim.o
                0x0000000008001848                TIM_ETR_SetConfig
 .text.HAL_TIMEx_MasterConfigSynchronization
                0x0000000008001888       0xdc Drivers/STM32F3xx_HAL_Driver/Src/stm32f3xx_hal_tim_ex.o
                0x0000000008001888                HAL_TIMEx_MasterConfigSynchronization
 .text.LL_GPIO_SetPinMode
                0x0000000008001964       0x5e Drivers/STM32F3xx_HAL_Driver/Src/stm32f3xx_ll_gpio.o
 .text.LL_GPIO_SetPinOutputType
                0x00000000080019c2       0x30 Drivers/STM32F3xx_HAL_Driver/Src/stm32f3xx_ll_gpio.o
 .text.LL_GPIO_SetPinSpeed
                0x00000000080019f2       0x5e Drivers/STM32F3xx_HAL_Driver/Src/stm32f3xx_ll_gpio.o
 .text.LL_GPIO_SetPinPull
                0x0000000008001a50       0x5e Drivers/STM32F3xx_HAL_Driver/Src/stm32f3xx_ll_gpio.o
 .text.LL_GPIO_SetAFPin_0_7
                0x0000000008001aae       0x5e Drivers/STM32F3xx_HAL_Driver/Src/stm32f3xx_ll_gpio.o
 .text.LL_GPIO_SetAFPin_8_15
                0x0000000008001b0c       0x62 Drivers/STM32F3xx_HAL_Driver/Src/stm32f3xx_ll_gpio.o
 .text.LL_GPIO_Init
                0x0000000008001b6e       0xe0 Drivers/STM32F3xx_HAL_Driver/Src/stm32f3xx_ll_gpio.o
                0x0000000008001b6e                LL_GPIO_Init
 .text.LL_TIM_SetPrescaler
                0x0000000008001c4e       0x1c Drivers/STM32F3xx_HAL_Driver/Src/stm32f3xx_ll_tim.o
 .text.LL_TIM_SetAutoReload
                0x0000000008001c6a       0x1c Drivers/STM32F3xx_HAL_Driver/Src/stm32f3xx_ll_tim.o
 .text.LL_TIM_SetRepetitionCounter
                0x0000000008001c86       0x1c Drivers/STM32F3xx_HAL_Driver/Src/stm32f3xx_ll_tim.o
 .text.LL_TIM_OC_SetCompareCH1
                0x0000000008001ca2       0x1c Drivers/STM32F3xx_HAL_Driver/Src/stm32f3xx_ll_tim.o
 .text.LL_TIM_OC_SetCompareCH2
                0x0000000008001cbe       0x1c Drivers/STM32F3xx_HAL_Driver/Src/stm32f3xx_ll_tim.o
 .text.LL_TIM_OC_SetCompareCH3
                0x0000000008001cda       0x1c Drivers/STM32F3xx_HAL_Driver/Src/stm32f3xx_ll_tim.o
 .text.LL_TIM_OC_SetCompareCH4
                0x0000000008001cf6       0x1c Drivers/STM32F3xx_HAL_Driver/Src/stm32f3xx_ll_tim.o
 .text.LL_TIM_OC_SetCompareCH5
                0x0000000008001d12       0x20 Drivers/STM32F3xx_HAL_Driver/Src/stm32f3xx_ll_tim.o
 .text.LL_TIM_OC_SetCompareCH6
                0x0000000008001d32       0x1c Drivers/STM32F3xx_HAL_Driver/Src/stm32f3xx_ll_tim.o
 .text.LL_TIM_GenerateEvent_UPDATE
                0x0000000008001d4e       0x20 Drivers/STM32F3xx_HAL_Driver/Src/stm32f3xx_ll_tim.o
 *fill*         0x0000000008001d6e        0x2 
 .text.LL_TIM_Init
                0x0000000008001d70       0xe4 Drivers/STM32F3xx_HAL_Driver/Src/stm32f3xx_ll_tim.o
                0x0000000008001d70                LL_TIM_Init
 .text.LL_TIM_OC_Init
                0x0000000008001e54       0x9a Drivers/STM32F3xx_HAL_Driver/Src/stm32f3xx_ll_tim.o
                0x0000000008001e54                LL_TIM_OC_Init
 *fill*         0x0000000008001eee        0x2 
 .text.OC1Config
                0x0000000008001ef0       0xf4 Drivers/STM32F3xx_HAL_Driver/Src/stm32f3xx_ll_tim.o
 .text.OC2Config
                0x0000000008001fe4       0xfc Drivers/STM32F3xx_HAL_Driver/Src/stm32f3xx_ll_tim.o
 .text.OC3Config
                0x00000000080020e0       0xfc Drivers/STM32F3xx_HAL_Driver/Src/stm32f3xx_ll_tim.o
 .text.OC4Config
                0x00000000080021dc       0xcc Drivers/STM32F3xx_HAL_Driver/Src/stm32f3xx_ll_tim.o
 .text.OC5Config
                0x00000000080022a8       0xbc Drivers/STM32F3xx_HAL_Driver/Src/stm32f3xx_ll_tim.o
 .text.OC6Config
                0x0000000008002364       0xbc Drivers/STM32F3xx_HAL_Driver/Src/stm32f3xx_ll_tim.o
 .text.LL_SetSystemCoreClock
                0x0000000008002420       0x20 Drivers/STM32F3xx_HAL_Driver/Src/stm32f3xx_ll_utils.o
                0x0000000008002420                LL_SetSystemCoreClock
 .text.__libc_init_array
                0x0000000008002440       0x48 c:/st/stm32cubeide_1.3.0/stm32cubeide/plugins/com.st.stm32cube.ide.mcu.externaltools.gnu-tools-for-stm32.7-2018-q2-update.win32_1.4.0.202007081208/tools/bin/../lib/gcc/arm-none-eabi/7.3.1/../../../../arm-none-eabi/lib/thumb/v7e-m/fpv4-sp/hard\libc_nano.a(lib_a-init.o)
                0x0000000008002440                __libc_init_array
 .text.memset   0x0000000008002488       0x10 c:/st/stm32cubeide_1.3.0/stm32cubeide/plugins/com.st.stm32cube.ide.mcu.externaltools.gnu-tools-for-stm32.7-2018-q2-update.win32_1.4.0.202007081208/tools/bin/../lib/gcc/arm-none-eabi/7.3.1/../../../../arm-none-eabi/lib/thumb/v7e-m/fpv4-sp/hard\libc_nano.a(lib_a-memset.o)
                0x0000000008002488                memset
 *(.glue_7)
 .glue_7        0x0000000008002498        0x0 linker stubs
 *(.glue_7t)
 .glue_7t       0x0000000008002498        0x0 linker stubs
 *(.eh_frame)
 .eh_frame      0x0000000008002498        0x0 c:/st/stm32cubeide_1.3.0/stm32cubeide/plugins/com.st.stm32cube.ide.mcu.externaltools.gnu-tools-for-stm32.7-2018-q2-update.win32_1.4.0.202007081208/tools/bin/../lib/gcc/arm-none-eabi/7.3.1/thumb/v7e-m/fpv4-sp/hard/crtbegin.o
 *(.init)
 .init          0x0000000008002498        0x4 c:/st/stm32cubeide_1.3.0/stm32cubeide/plugins/com.st.stm32cube.ide.mcu.externaltools.gnu-tools-for-stm32.7-2018-q2-update.win32_1.4.0.202007081208/tools/bin/../lib/gcc/arm-none-eabi/7.3.1/thumb/v7e-m/fpv4-sp/hard/crti.o
                0x0000000008002498                _init
 .init          0x000000000800249c        0x8 c:/st/stm32cubeide_1.3.0/stm32cubeide/plugins/com.st.stm32cube.ide.mcu.externaltools.gnu-tools-for-stm32.7-2018-q2-update.win32_1.4.0.202007081208/tools/bin/../lib/gcc/arm-none-eabi/7.3.1/thumb/v7e-m/fpv4-sp/hard/crtn.o
 *(.fini)
 .fini          0x00000000080024a4        0x4 c:/st/stm32cubeide_1.3.0/stm32cubeide/plugins/com.st.stm32cube.ide.mcu.externaltools.gnu-tools-for-stm32.7-2018-q2-update.win32_1.4.0.202007081208/tools/bin/../lib/gcc/arm-none-eabi/7.3.1/thumb/v7e-m/fpv4-sp/hard/crti.o
                0x00000000080024a4                _fini
 .fini          0x00000000080024a8        0x8 c:/st/stm32cubeide_1.3.0/stm32cubeide/plugins/com.st.stm32cube.ide.mcu.externaltools.gnu-tools-for-stm32.7-2018-q2-update.win32_1.4.0.202007081208/tools/bin/../lib/gcc/arm-none-eabi/7.3.1/thumb/v7e-m/fpv4-sp/hard/crtn.o
                0x00000000080024b0                . = ALIGN (0x4)
                0x00000000080024b0                _etext = .

.vfp11_veneer   0x00000000080024b0        0x0
 .vfp11_veneer  0x00000000080024b0        0x0 linker stubs

.v4_bx          0x00000000080024b0        0x0
 .v4_bx         0x00000000080024b0        0x0 linker stubs

.iplt           0x00000000080024b0        0x0
 .iplt          0x00000000080024b0        0x0 c:/st/stm32cubeide_1.3.0/stm32cubeide/plugins/com.st.stm32cube.ide.mcu.externaltools.gnu-tools-for-stm32.7-2018-q2-update.win32_1.4.0.202007081208/tools/bin/../lib/gcc/arm-none-eabi/7.3.1/thumb/v7e-m/fpv4-sp/hard/crtbegin.o

.rodata         0x00000000080024b0       0x18
                0x00000000080024b0                . = ALIGN (0x4)
 *(.rodata)
 *(.rodata*)
 .rodata.OFFSET_TAB_CCMRx
                0x00000000080024b0        0x9 Core/Src/main.o
 *fill*         0x00000000080024b9        0x3 
 .rodata.SHIFT_TAB_OCxx
                0x00000000080024bc        0x9 Core/Src/main.o
                0x00000000080024c8                . = ALIGN (0x4)
 *fill*         0x00000000080024c5        0x3 

.rel.dyn        0x00000000080024c8        0x0
 .rel.iplt      0x00000000080024c8        0x0 c:/st/stm32cubeide_1.3.0/stm32cubeide/plugins/com.st.stm32cube.ide.mcu.externaltools.gnu-tools-for-stm32.7-2018-q2-update.win32_1.4.0.202007081208/tools/bin/../lib/gcc/arm-none-eabi/7.3.1/thumb/v7e-m/fpv4-sp/hard/crtbegin.o

.ARM.extab      0x00000000080024c8        0x0
                0x00000000080024c8                . = ALIGN (0x4)
 *(.ARM.extab* .gnu.linkonce.armextab.*)
                0x00000000080024c8                . = ALIGN (0x4)

.ARM            0x00000000080024c8        0x0
                0x00000000080024c8                . = ALIGN (0x4)
                0x00000000080024c8                __exidx_start = .
 *(.ARM.exidx*)
                0x00000000080024c8                __exidx_end = .
                0x00000000080024c8                . = ALIGN (0x4)

.preinit_array  0x00000000080024c8        0x0
                0x00000000080024c8                . = ALIGN (0x4)
                0x00000000080024c8                PROVIDE (__preinit_array_start = .)
 *(.preinit_array*)
                0x00000000080024c8                PROVIDE (__preinit_array_end = .)
                0x00000000080024c8                . = ALIGN (0x4)

.init_array     0x00000000080024c8        0x4
                0x00000000080024c8                . = ALIGN (0x4)
                0x00000000080024c8                PROVIDE (__init_array_start = .)
 *(SORT_BY_NAME(.init_array.*))
 *(.init_array*)
 .init_array    0x00000000080024c8        0x4 c:/st/stm32cubeide_1.3.0/stm32cubeide/plugins/com.st.stm32cube.ide.mcu.externaltools.gnu-tools-for-stm32.7-2018-q2-update.win32_1.4.0.202007081208/tools/bin/../lib/gcc/arm-none-eabi/7.3.1/thumb/v7e-m/fpv4-sp/hard/crtbegin.o
                0x00000000080024cc                PROVIDE (__init_array_end = .)
                0x00000000080024cc                . = ALIGN (0x4)

.fini_array     0x00000000080024cc        0x4
                0x00000000080024cc                . = ALIGN (0x4)
                [!provide]                        PROVIDE (__fini_array_start = .)
 *(SORT_BY_NAME(.fini_array.*))
 *(.fini_array*)
 .fini_array    0x00000000080024cc        0x4 c:/st/stm32cubeide_1.3.0/stm32cubeide/plugins/com.st.stm32cube.ide.mcu.externaltools.gnu-tools-for-stm32.7-2018-q2-update.win32_1.4.0.202007081208/tools/bin/../lib/gcc/arm-none-eabi/7.3.1/thumb/v7e-m/fpv4-sp/hard/crtbegin.o
                [!provide]                        PROVIDE (__fini_array_end = .)
                0x00000000080024d0                . = ALIGN (0x4)
                0x00000000080024d0                _sidata = LOADADDR (.data)

.data           0x0000000020000000        0xc load address 0x00000000080024d0
                0x0000000020000000                . = ALIGN (0x4)
                0x0000000020000000                _sdata = .
 *(.data)
 *(.data*)
 .data.SystemCoreClock
                0x0000000020000000        0x4 Core/Src/system_stm32f3xx.o
                0x0000000020000000                SystemCoreClock
 .data.uwTickPrio
                0x0000000020000004        0x4 Drivers/STM32F3xx_HAL_Driver/Src/stm32f3xx_hal.o
                0x0000000020000004                uwTickPrio
 .data.uwTickFreq
                0x0000000020000008        0x1 Drivers/STM32F3xx_HAL_Driver/Src/stm32f3xx_hal.o
                0x0000000020000008                uwTickFreq
                0x000000002000000c                . = ALIGN (0x4)
 *fill*         0x0000000020000009        0x3 
                0x000000002000000c                _edata = .

.igot.plt       0x000000002000000c        0x0 load address 0x00000000080024dc
 .igot.plt      0x000000002000000c        0x0 c:/st/stm32cubeide_1.3.0/stm32cubeide/plugins/com.st.stm32cube.ide.mcu.externaltools.gnu-tools-for-stm32.7-2018-q2-update.win32_1.4.0.202007081208/tools/bin/../lib/gcc/arm-none-eabi/7.3.1/thumb/v7e-m/fpv4-sp/hard/crtbegin.o
                0x000000002000000c                . = ALIGN (0x4)

.bss            0x000000002000000c       0x64 load address 0x00000000080024dc
                0x000000002000000c                _sbss = .
                0x000000002000000c                __bss_start__ = _sbss
 *(.bss)
 .bss           0x000000002000000c       0x1c c:/st/stm32cubeide_1.3.0/stm32cubeide/plugins/com.st.stm32cube.ide.mcu.externaltools.gnu-tools-for-stm32.7-2018-q2-update.win32_1.4.0.202007081208/tools/bin/../lib/gcc/arm-none-eabi/7.3.1/thumb/v7e-m/fpv4-sp/hard/crtbegin.o
 *(.bss*)
 *(COMMON)
 COMMON         0x0000000020000028       0x44 Core/Src/main.o
                0x0000000020000028                htim3
                0x0000000020000068                poc
 COMMON         0x000000002000006c        0x4 Drivers/STM32F3xx_HAL_Driver/Src/stm32f3xx_hal.o
                0x000000002000006c                uwTick
                0x0000000020000070                . = ALIGN (0x4)
                0x0000000020000070                _ebss = .
                0x0000000020000070                __bss_end__ = _ebss

._user_heap_stack
                0x0000000020000070      0x600 load address 0x00000000080024dc
                0x0000000020000070                . = ALIGN (0x8)
                [!provide]                        PROVIDE (end = .)
                0x0000000020000070                PROVIDE (_end = .)
                0x0000000020000270                . = (. + _Min_Heap_Size)
 *fill*         0x0000000020000070      0x200 
                0x0000000020000670                . = (. + _Min_Stack_Size)
 *fill*         0x0000000020000270      0x400 
                0x0000000020000670                . = ALIGN (0x8)

/DISCARD/
 libc.a(*)
 libm.a(*)
 libgcc.a(*)

.ARM.attributes
                0x0000000000000000       0x30
 *(.ARM.attributes)
 .ARM.attributes
                0x0000000000000000       0x22 c:/st/stm32cubeide_1.3.0/stm32cubeide/plugins/com.st.stm32cube.ide.mcu.externaltools.gnu-tools-for-stm32.7-2018-q2-update.win32_1.4.0.202007081208/tools/bin/../lib/gcc/arm-none-eabi/7.3.1/thumb/v7e-m/fpv4-sp/hard/crti.o
 .ARM.attributes
                0x0000000000000022       0x34 c:/st/stm32cubeide_1.3.0/stm32cubeide/plugins/com.st.stm32cube.ide.mcu.externaltools.gnu-tools-for-stm32.7-2018-q2-update.win32_1.4.0.202007081208/tools/bin/../lib/gcc/arm-none-eabi/7.3.1/thumb/v7e-m/fpv4-sp/hard/crtbegin.o
 .ARM.attributes
                0x0000000000000056       0x39 Core/Src/main.o
 .ARM.attributes
                0x000000000000008f       0x39 Core/Src/stm32f3xx_hal_msp.o
 .ARM.attributes
                0x00000000000000c8       0x39 Core/Src/stm32f3xx_it.o
 .ARM.attributes
                0x0000000000000101       0x39 Core/Src/system_stm32f3xx.o
 .ARM.attributes
                0x000000000000013a       0x21 Core/Startup/startup_stm32f303k8tx.o
 .ARM.attributes
                0x000000000000015b       0x39 Drivers/STM32F3xx_HAL_Driver/Src/stm32f3xx_hal.o
 .ARM.attributes
                0x0000000000000194       0x39 Drivers/STM32F3xx_HAL_Driver/Src/stm32f3xx_hal_cortex.o
 .ARM.attributes
                0x00000000000001cd       0x39 Drivers/STM32F3xx_HAL_Driver/Src/stm32f3xx_hal_tim.o
 .ARM.attributes
                0x0000000000000206       0x39 Drivers/STM32F3xx_HAL_Driver/Src/stm32f3xx_hal_tim_ex.o
 .ARM.attributes
                0x000000000000023f       0x39 Drivers/STM32F3xx_HAL_Driver/Src/stm32f3xx_ll_gpio.o
 .ARM.attributes
                0x0000000000000278       0x39 Drivers/STM32F3xx_HAL_Driver/Src/stm32f3xx_ll_tim.o
 .ARM.attributes
                0x00000000000002b1       0x39 Drivers/STM32F3xx_HAL_Driver/Src/stm32f3xx_ll_utils.o
 .ARM.attributes
                0x00000000000002ea       0x34 c:/st/stm32cubeide_1.3.0/stm32cubeide/plugins/com.st.stm32cube.ide.mcu.externaltools.gnu-tools-for-stm32.7-2018-q2-update.win32_1.4.0.202007081208/tools/bin/../lib/gcc/arm-none-eabi/7.3.1/../../../../arm-none-eabi/lib/thumb/v7e-m/fpv4-sp/hard\libc_nano.a(lib_a-init.o)
 .ARM.attributes
                0x000000000000031e       0x34 c:/st/stm32cubeide_1.3.0/stm32cubeide/plugins/com.st.stm32cube.ide.mcu.externaltools.gnu-tools-for-stm32.7-2018-q2-update.win32_1.4.0.202007081208/tools/bin/../lib/gcc/arm-none-eabi/7.3.1/../../../../arm-none-eabi/lib/thumb/v7e-m/fpv4-sp/hard\libc_nano.a(lib_a-memset.o)
 .ARM.attributes
                0x0000000000000352       0x22 c:/st/stm32cubeide_1.3.0/stm32cubeide/plugins/com.st.stm32cube.ide.mcu.externaltools.gnu-tools-for-stm32.7-2018-q2-update.win32_1.4.0.202007081208/tools/bin/../lib/gcc/arm-none-eabi/7.3.1/thumb/v7e-m/fpv4-sp/hard/crtn.o
OUTPUT(test.elf elf32-littlearm)

.debug_info     0x0000000000000000     0x9134
 .debug_info    0x0000000000000000     0x1005 Core/Src/main.o
 .debug_info    0x0000000000001005      0x964 Core/Src/stm32f3xx_hal_msp.o
 .debug_info    0x0000000000001969      0x7dc Core/Src/stm32f3xx_it.o
 .debug_info    0x0000000000002145      0x45c Core/Src/system_stm32f3xx.o
 .debug_info    0x00000000000025a1       0x22 Core/Startup/startup_stm32f303k8tx.o
 .debug_info    0x00000000000025c3      0x758 Drivers/STM32F3xx_HAL_Driver/Src/stm32f3xx_hal.o
 .debug_info    0x0000000000002d1b      0xb54 Drivers/STM32F3xx_HAL_Driver/Src/stm32f3xx_hal_cortex.o
 .debug_info    0x000000000000386f     0x2648 Drivers/STM32F3xx_HAL_Driver/Src/stm32f3xx_hal_tim.o
 .debug_info    0x0000000000005eb7     0x11d7 Drivers/STM32F3xx_HAL_Driver/Src/stm32f3xx_hal_tim_ex.o
 .debug_info    0x000000000000708e      0x83e Drivers/STM32F3xx_HAL_Driver/Src/stm32f3xx_ll_gpio.o
 .debug_info    0x00000000000078cc      0xff9 Drivers/STM32F3xx_HAL_Driver/Src/stm32f3xx_ll_tim.o
 .debug_info    0x00000000000088c5      0x86f Drivers/STM32F3xx_HAL_Driver/Src/stm32f3xx_ll_utils.o

.debug_abbrev   0x0000000000000000     0x16c3
 .debug_abbrev  0x0000000000000000      0x271 Core/Src/main.o
 .debug_abbrev  0x0000000000000271      0x197 Core/Src/stm32f3xx_hal_msp.o
 .debug_abbrev  0x0000000000000408      0x1f2 Core/Src/stm32f3xx_it.o
 .debug_abbrev  0x00000000000005fa      0x12b Core/Src/system_stm32f3xx.o
 .debug_abbrev  0x0000000000000725       0x12 Core/Startup/startup_stm32f303k8tx.o
 .debug_abbrev  0x0000000000000737      0x1c7 Drivers/STM32F3xx_HAL_Driver/Src/stm32f3xx_hal.o
 .debug_abbrev  0x00000000000008fe      0x2d5 Drivers/STM32F3xx_HAL_Driver/Src/stm32f3xx_hal_cortex.o
 .debug_abbrev  0x0000000000000bd3      0x230 Drivers/STM32F3xx_HAL_Driver/Src/stm32f3xx_hal_tim.o
 .debug_abbrev  0x0000000000000e03      0x21e Drivers/STM32F3xx_HAL_Driver/Src/stm32f3xx_hal_tim_ex.o
 .debug_abbrev  0x0000000000001021      0x212 Drivers/STM32F3xx_HAL_Driver/Src/stm32f3xx_ll_gpio.o
 .debug_abbrev  0x0000000000001233      0x1ff Drivers/STM32F3xx_HAL_Driver/Src/stm32f3xx_ll_tim.o
 .debug_abbrev  0x0000000000001432      0x291 Drivers/STM32F3xx_HAL_Driver/Src/stm32f3xx_ll_utils.o

.debug_aranges  0x0000000000000000      0xbb0
 .debug_aranges
                0x0000000000000000      0x108 Core/Src/main.o
 .debug_aranges
                0x0000000000000108       0x30 Core/Src/stm32f3xx_hal_msp.o
 .debug_aranges
                0x0000000000000138       0x78 Core/Src/stm32f3xx_it.o
 .debug_aranges
                0x00000000000001b0       0x28 Core/Src/system_stm32f3xx.o
 .debug_aranges
                0x00000000000001d8       0x28 Core/Startup/startup_stm32f303k8tx.o
 .debug_aranges
                0x0000000000000200       0xe0 Drivers/STM32F3xx_HAL_Driver/Src/stm32f3xx_hal.o
 .debug_aranges
                0x00000000000002e0      0x100 Drivers/STM32F3xx_HAL_Driver/Src/stm32f3xx_hal_cortex.o
 .debug_aranges
                0x00000000000003e0      0x3c8 Drivers/STM32F3xx_HAL_Driver/Src/stm32f3xx_hal_tim.o
 .debug_aranges
                0x00000000000007a8      0x160 Drivers/STM32F3xx_HAL_Driver/Src/stm32f3xx_hal_tim_ex.o
 .debug_aranges
                0x0000000000000908       0x70 Drivers/STM32F3xx_HAL_Driver/Src/stm32f3xx_ll_gpio.o
 .debug_aranges
                0x0000000000000978      0x148 Drivers/STM32F3xx_HAL_Driver/Src/stm32f3xx_ll_tim.o
 .debug_aranges
                0x0000000000000ac0       0xf0 Drivers/STM32F3xx_HAL_Driver/Src/stm32f3xx_ll_utils.o

.debug_ranges   0x0000000000000000      0xaf8
 .debug_ranges  0x0000000000000000       0xf8 Core/Src/main.o
 .debug_ranges  0x00000000000000f8       0x20 Core/Src/stm32f3xx_hal_msp.o
 .debug_ranges  0x0000000000000118       0x68 Core/Src/stm32f3xx_it.o
 .debug_ranges  0x0000000000000180       0x18 Core/Src/system_stm32f3xx.o
 .debug_ranges  0x0000000000000198       0x20 Core/Startup/startup_stm32f303k8tx.o
 .debug_ranges  0x00000000000001b8       0xd0 Drivers/STM32F3xx_HAL_Driver/Src/stm32f3xx_hal.o
 .debug_ranges  0x0000000000000288       0xf0 Drivers/STM32F3xx_HAL_Driver/Src/stm32f3xx_hal_cortex.o
 .debug_ranges  0x0000000000000378      0x3b8 Drivers/STM32F3xx_HAL_Driver/Src/stm32f3xx_hal_tim.o
 .debug_ranges  0x0000000000000730      0x150 Drivers/STM32F3xx_HAL_Driver/Src/stm32f3xx_hal_tim_ex.o
 .debug_ranges  0x0000000000000880       0x60 Drivers/STM32F3xx_HAL_Driver/Src/stm32f3xx_ll_gpio.o
 .debug_ranges  0x00000000000008e0      0x138 Drivers/STM32F3xx_HAL_Driver/Src/stm32f3xx_ll_tim.o
 .debug_ranges  0x0000000000000a18       0xe0 Drivers/STM32F3xx_HAL_Driver/Src/stm32f3xx_ll_utils.o

.debug_macro    0x0000000000000000    0x18905
 .debug_macro   0x0000000000000000      0x212 Core/Src/main.o
 .debug_macro   0x0000000000000212      0xa60 Core/Src/main.o
 .debug_macro   0x0000000000000c72      0x151 Core/Src/main.o
 .debug_macro   0x0000000000000dc3       0x2e Core/Src/main.o
 .debug_macro   0x0000000000000df1       0x28 Core/Src/main.o
 .debug_macro   0x0000000000000e19       0x22 Core/Src/main.o
 .debug_macro   0x0000000000000e3b       0x8e Core/Src/main.o
 .debug_macro   0x0000000000000ec9       0x51 Core/Src/main.o
 .debug_macro   0x0000000000000f1a       0xef Core/Src/main.o
 .debug_macro   0x0000000000001009       0x6a Core/Src/main.o
 .debug_macro   0x0000000000001073      0x1df Core/Src/main.o
 .debug_macro   0x0000000000001252       0x1c Core/Src/main.o
 .debug_macro   0x000000000000126e       0x22 Core/Src/main.o
 .debug_macro   0x0000000000001290       0xdf Core/Src/main.o
 .debug_macro   0x000000000000136f      0xf07 Core/Src/main.o
 .debug_macro   0x0000000000002276    0x10bd9 Core/Src/main.o
 .debug_macro   0x0000000000012e4f       0x43 Core/Src/main.o
 .debug_macro   0x0000000000012e92      0x174 Core/Src/main.o
 .debug_macro   0x0000000000013006       0x53 Core/Src/main.o
 .debug_macro   0x0000000000013059      0x8f9 Core/Src/main.o
 .debug_macro   0x0000000000013952      0x304 Core/Src/main.o
 .debug_macro   0x0000000000013c56      0x12f Core/Src/main.o
 .debug_macro   0x0000000000013d85      0x11b Core/Src/main.o
 .debug_macro   0x0000000000013ea0      0x1d5 Core/Src/main.o
 .debug_macro   0x0000000000014075      0x1bc Core/Src/main.o
 .debug_macro   0x0000000000014231       0x34 Core/Src/main.o
 .debug_macro   0x0000000000014265       0x3c Core/Src/main.o
 .debug_macro   0x00000000000142a1       0x57 Core/Src/main.o
 .debug_macro   0x00000000000142f8       0xc5 Core/Src/main.o
 .debug_macro   0x00000000000143bd      0x19f Core/Src/main.o
 .debug_macro   0x000000000001455c      0x22c Core/Src/main.o
 .debug_macro   0x0000000000014788       0x5b Core/Src/main.o
 .debug_macro   0x00000000000147e3       0xa5 Core/Src/main.o
 .debug_macro   0x0000000000014888       0x81 Core/Src/main.o
 .debug_macro   0x0000000000014909       0xd3 Core/Src/main.o
 .debug_macro   0x00000000000149dc      0x9e9 Core/Src/main.o
 .debug_macro   0x00000000000153c5       0x59 Core/Src/main.o
 .debug_macro   0x000000000001541e      0x285 Core/Src/main.o
 .debug_macro   0x00000000000156a3      0x4c2 Core/Src/main.o
 .debug_macro   0x0000000000015b65       0xe1 Core/Src/main.o
 .debug_macro   0x0000000000015c46      0x29f Core/Src/main.o
 .debug_macro   0x0000000000015ee5       0xfe Core/Src/main.o
 .debug_macro   0x0000000000015fe3       0x28 Core/Src/main.o
 .debug_macro   0x000000000001600b       0x30 Core/Src/main.o
 .debug_macro   0x000000000001603b       0xa8 Core/Src/main.o
 .debug_macro   0x00000000000160e3      0x287 Core/Src/main.o
 .debug_macro   0x000000000001636a      0x803 Core/Src/main.o
 .debug_macro   0x0000000000016b6d      0x142 Core/Src/main.o
 .debug_macro   0x0000000000016caf       0x10 Core/Src/main.o
 .debug_macro   0x0000000000016cbf      0x212 Core/Src/stm32f3xx_hal_msp.o
 .debug_macro   0x0000000000016ed1      0x21c Core/Src/stm32f3xx_it.o
 .debug_macro   0x00000000000170ed      0x1af Core/Src/system_stm32f3xx.o
 .debug_macro   0x000000000001729c      0x1cd Drivers/STM32F3xx_HAL_Driver/Src/stm32f3xx_hal.o
 .debug_macro   0x0000000000017469      0x1a9 Drivers/STM32F3xx_HAL_Driver/Src/stm32f3xx_hal_cortex.o
 .debug_macro   0x0000000000017612      0x1aa Drivers/STM32F3xx_HAL_Driver/Src/stm32f3xx_hal_tim.o
 .debug_macro   0x00000000000177bc      0x1a9 Drivers/STM32F3xx_HAL_Driver/Src/stm32f3xx_hal_tim_ex.o
 .debug_macro   0x0000000000017965      0x1eb Drivers/STM32F3xx_HAL_Driver/Src/stm32f3xx_ll_gpio.o
 .debug_macro   0x0000000000017b50      0x13c Drivers/STM32F3xx_HAL_Driver/Src/stm32f3xx_ll_gpio.o
 .debug_macro   0x0000000000017c8c      0x255 Drivers/STM32F3xx_HAL_Driver/Src/stm32f3xx_ll_tim.o
 .debug_macro   0x0000000000017ee1      0x7fd Drivers/STM32F3xx_HAL_Driver/Src/stm32f3xx_ll_tim.o
 .debug_macro   0x00000000000186de      0x227 Drivers/STM32F3xx_HAL_Driver/Src/stm32f3xx_ll_utils.o

.debug_line     0x0000000000000000     0x771d
 .debug_line    0x0000000000000000      0xab0 Core/Src/main.o
 .debug_line    0x0000000000000ab0      0x778 Core/Src/stm32f3xx_hal_msp.o
 .debug_line    0x0000000000001228      0x858 Core/Src/stm32f3xx_it.o
 .debug_line    0x0000000000001a80      0x687 Core/Src/system_stm32f3xx.o
 .debug_line    0x0000000000002107       0x85 Core/Startup/startup_stm32f303k8tx.o
 .debug_line    0x000000000000218c      0x844 Drivers/STM32F3xx_HAL_Driver/Src/stm32f3xx_hal.o
 .debug_line    0x00000000000029d0      0x91b Drivers/STM32F3xx_HAL_Driver/Src/stm32f3xx_hal_cortex.o
 .debug_line    0x00000000000032eb     0x1a6f Drivers/STM32F3xx_HAL_Driver/Src/stm32f3xx_hal_tim.o
 .debug_line    0x0000000000004d5a      0xcf2 Drivers/STM32F3xx_HAL_Driver/Src/stm32f3xx_hal_tim_ex.o
 .debug_line    0x0000000000005a4c      0x84a Drivers/STM32F3xx_HAL_Driver/Src/stm32f3xx_ll_gpio.o
 .debug_line    0x0000000000006296      0xb42 Drivers/STM32F3xx_HAL_Driver/Src/stm32f3xx_ll_tim.o
 .debug_line    0x0000000000006dd8      0x945 Drivers/STM32F3xx_HAL_Driver/Src/stm32f3xx_ll_utils.o

.debug_str      0x0000000000000000    0x8e870
 .debug_str     0x0000000000000000    0x89c5c Core/Src/main.o
                                      0x8a97d (size before relaxing)
 .debug_str     0x0000000000089c5c      0x29f Core/Src/stm32f3xx_hal_msp.o
                                      0x8a76f (size before relaxing)
 .debug_str     0x0000000000089efb      0x100 Core/Src/stm32f3xx_it.o
                                      0x8a4e7 (size before relaxing)
 .debug_str     0x0000000000089ffb       0xd1 Core/Src/system_stm32f3xx.o
                                      0x7f948 (size before relaxing)
 .debug_str     0x000000000008a0cc       0x36 Core/Startup/startup_stm32f303k8tx.o
                                         0x4d (size before relaxing)
 .debug_str     0x000000000008a102      0x3bc Drivers/STM32F3xx_HAL_Driver/Src/stm32f3xx_hal.o
                                      0x7ff82 (size before relaxing)
 .debug_str     0x000000000008a4be      0x2d2 Drivers/STM32F3xx_HAL_Driver/Src/stm32f3xx_hal_cortex.o
                                      0x7ff63 (size before relaxing)
 .debug_str     0x000000000008a790      0xd82 Drivers/STM32F3xx_HAL_Driver/Src/stm32f3xx_hal_tim.o
                                      0x80b35 (size before relaxing)
 .debug_str     0x000000000008b512      0x588 Drivers/STM32F3xx_HAL_Driver/Src/stm32f3xx_hal_tim_ex.o
                                      0x8033c (size before relaxing)
 .debug_str     0x000000000008ba9a      0x648 Drivers/STM32F3xx_HAL_Driver/Src/stm32f3xx_ll_gpio.o
                                      0x80c79 (size before relaxing)
 .debug_str     0x000000000008c0e2     0x1a93 Drivers/STM32F3xx_HAL_Driver/Src/stm32f3xx_ll_tim.o
                                      0x85bc9 (size before relaxing)
 .debug_str     0x000000000008db75      0xcfb Drivers/STM32F3xx_HAL_Driver/Src/stm32f3xx_ll_utils.o
                                      0x8493b (size before relaxing)

.comment        0x0000000000000000       0x7b
 .comment       0x0000000000000000       0x7b Core/Src/main.o
                                         0x7c (size before relaxing)
 .comment       0x000000000000007b       0x7c Core/Src/stm32f3xx_hal_msp.o
 .comment       0x000000000000007b       0x7c Core/Src/stm32f3xx_it.o
 .comment       0x000000000000007b       0x7c Core/Src/system_stm32f3xx.o
 .comment       0x000000000000007b       0x7c Drivers/STM32F3xx_HAL_Driver/Src/stm32f3xx_hal.o
 .comment       0x000000000000007b       0x7c Drivers/STM32F3xx_HAL_Driver/Src/stm32f3xx_hal_cortex.o
 .comment       0x000000000000007b       0x7c Drivers/STM32F3xx_HAL_Driver/Src/stm32f3xx_hal_tim.o
 .comment       0x000000000000007b       0x7c Drivers/STM32F3xx_HAL_Driver/Src/stm32f3xx_hal_tim_ex.o
 .comment       0x000000000000007b       0x7c Drivers/STM32F3xx_HAL_Driver/Src/stm32f3xx_ll_gpio.o
 .comment       0x000000000000007b       0x7c Drivers/STM32F3xx_HAL_Driver/Src/stm32f3xx_ll_tim.o
 .comment       0x000000000000007b       0x7c Drivers/STM32F3xx_HAL_Driver/Src/stm32f3xx_ll_utils.o

.debug_frame    0x0000000000000000     0x317c
 .debug_frame   0x0000000000000000      0x478 Core/Src/main.o
 .debug_frame   0x0000000000000478       0x80 Core/Src/stm32f3xx_hal_msp.o
 .debug_frame   0x00000000000004f8      0x178 Core/Src/stm32f3xx_it.o
 .debug_frame   0x0000000000000670       0x58 Core/Src/system_stm32f3xx.o
 .debug_frame   0x00000000000006c8      0x334 Drivers/STM32F3xx_HAL_Driver/Src/stm32f3xx_hal.o
 .debug_frame   0x00000000000009fc      0x428 Drivers/STM32F3xx_HAL_Driver/Src/stm32f3xx_hal_cortex.o
 .debug_frame   0x0000000000000e24     0x1190 Drivers/STM32F3xx_HAL_Driver/Src/stm32f3xx_hal_tim.o
 .debug_frame   0x0000000000001fb4      0x610 Drivers/STM32F3xx_HAL_Driver/Src/stm32f3xx_hal_tim_ex.o
 .debug_frame   0x00000000000025c4      0x1c0 Drivers/STM32F3xx_HAL_Driver/Src/stm32f3xx_ll_gpio.o
 .debug_frame   0x0000000000002784      0x5d0 Drivers/STM32F3xx_HAL_Driver/Src/stm32f3xx_ll_tim.o
 .debug_frame   0x0000000000002d54      0x3dc Drivers/STM32F3xx_HAL_Driver/Src/stm32f3xx_ll_utils.o
 .debug_frame   0x0000000000003130       0x2c c:/st/stm32cubeide_1.3.0/stm32cubeide/plugins/com.st.stm32cube.ide.mcu.externaltools.gnu-tools-for-stm32.7-2018-q2-update.win32_1.4.0.202007081208/tools/bin/../lib/gcc/arm-none-eabi/7.3.1/../../../../arm-none-eabi/lib/thumb/v7e-m/fpv4-sp/hard\libc_nano.a(lib_a-init.o)
 .debug_frame   0x000000000000315c       0x20 c:/st/stm32cubeide_1.3.0/stm32cubeide/plugins/com.st.stm32cube.ide.mcu.externaltools.gnu-tools-for-stm32.7-2018-q2-update.win32_1.4.0.202007081208/tools/bin/../lib/gcc/arm-none-eabi/7.3.1/../../../../arm-none-eabi/lib/thumb/v7e-m/fpv4-sp/hard\libc_nano.a(lib_a-memset.o)
