core_cm4.h:1657:22:__NVIC_SetPriorityGrouping	24	static
core_cm4.h:1676:26:__NVIC_GetPriorityGrouping	4	static
core_cm4.h:1688:22:__NVIC_EnableIRQ	16	static
core_cm4.h:1816:22:__NVIC_SetPriority	16	static
core_cm4.h:1863:26:NVIC_EncodePriority	40	static
stm32f3xx_ll_rcc.h:1082:22:LL_RCC_HSI_Enable	4	static
stm32f3xx_ll_rcc.h:1102:26:LL_RCC_HSI_IsReady	4	static
stm32f3xx_ll_rcc.h:1128:22:LL_RCC_HSI_SetCalibTrimming	16	static
stm32f3xx_ll_rcc.h:1286:22:LL_RCC_SetSysClkSource	16	static
stm32f3xx_ll_rcc.h:1299:26:LL_RCC_GetSysClkSource	4	static
stm32f3xx_ll_rcc.h:1319:22:LL_RCC_SetAHBPrescaler	16	static
stm32f3xx_ll_rcc.h:1335:22:LL_RCC_SetAPB1Prescaler	16	static
stm32f3xx_ll_rcc.h:1351:22:LL_RCC_SetAPB2Prescaler	16	static
stm32f3xx_ll_bus.h:287:22:LL_AHB1_GRP1_EnableClock	24	static
stm32f3xx_ll_bus.h:537:22:LL_APB1_GRP1_EnableClock	24	static
stm32f3xx_ll_bus.h:851:22:LL_APB2_GRP1_EnableClock	24	static
stm32f3xx_ll_system.h:1618:22:LL_FLASH_SetLatency	16	static
stm32f3xx_ll_system.h:1631:26:LL_FLASH_GetLatency	4	static
stm32f3xx_ll_tim.h:1352:22:LL_TIM_EnableCounter	16	static
stm32f3xx_ll_tim.h:1534:22:LL_TIM_DisableARRPreload	16	static
stm32f3xx_ll_tim.h:1857:22:LL_TIM_CC_EnableChannel	16	static
stm32f3xx_ll_tim.h:2297:22:LL_TIM_OC_DisableFast	24	static
stm32f3xx_ll_tim.h:2369:22:LL_TIM_OC_EnablePreload	24	static
stm32f3xx_ll_tim.h:2589:22:LL_TIM_OC_SetCompareCH1	16	static
stm32f3xx_ll_tim.h:3285:22:LL_TIM_SetClockSource	16	static
stm32f3xx_ll_tim.h:3331:22:LL_TIM_SetTriggerOutput	16	static
stm32f3xx_ll_tim.h:3431:22:LL_TIM_DisableMasterSlaveMode	16	static
stm32f3xx_ll_gpio.h:908:22:LL_GPIO_ResetOutputPin	16	static
main.c:65:5:main	8	static
main.c:120:6:SystemClock_Config	8	static
main.c:153:13:MX_TIM2_Init	88	static
main.c:222:13:MX_GPIO_Init	32	static
main.c:251:6:Error_Handler	4	static
